// Jest Snapshot v1, https://goo.gl/fbAQLP

exports[`tests for <AddCategory /> component should show the component correctly 1`] = `
<form
  onSubmit={[Function]}
>
  <h2>
    Add category
  </h2>
  <p />
  <input
    onChange={[Function]}
    type="text"
    value=""
  />
</form>
`;
