// Jest Snapshot v1, https://goo.gl/fbAQLP

exports[`pruebas en <GifGridItem /> should show the component correctly 1`] = `
<div
  className="card animate__animated animate__fadeIn"
>
  <img
    alt="My title"
    src="http://localhost:9090/something,jpg"
  />
  <p>
    My title
  </p>
</div>
`;
