// Jest Snapshot v1, https://goo.gl/fbAQLP

exports[`tests for <GidGrid /> component should create the snapshot 1`] = `
<Fragment>
  <h3>
     
  </h3>
  <p>
     loading... 
  </p>
  <div
    className="card-grid"
  />
</Fragment>
`;
